---
source: crates/glyph-frontend/tests/mir_fixtures.rs
expression: out.mir
---
MirModule {
    functions: [
        MirFunction {
            name: "main",
            ret_type: None,
            params: [],
            locals: [
                Local {
                    name: Some(
                        "x",
                    ),
                    ty: None,
                },
            ],
            blocks: [
                MirBlock {
                    insts: [
                        Assign {
                            local: LocalId(
                                0,
                            ),
                            value: ConstInt(
                                2,
                            ),
                        },
                        Return(
                            Some(
                                Local(
                                    LocalId(
                                        0,
                                    ),
                                ),
                            ),
                        ),
                    ],
                },
            ],
        },
    ],
}
