---
source: crates/glyph-frontend/tests/mir_fixtures.rs
expression: out.mir
---
MirModule {
    struct_types: {},
    functions: [
        MirFunction {
            name: "main",
            ret_type: Some(
                I32,
            ),
            params: [],
            locals: [
                Local {
                    name: Some(
                        "data",
                    ),
                    ty: Some(
                        Array(
                            I32,
                            4,
                        ),
                    ),
                },
                Local {
                    name: None,
                    ty: Some(
                        Array(
                            I32,
                            4,
                        ),
                    ),
                },
                Local {
                    name: None,
                    ty: Some(
                        I32,
                    ),
                },
            ],
            blocks: [
                MirBlock {
                    insts: [
                        Assign {
                            local: LocalId(
                                1,
                            ),
                            value: ArrayLit {
                                elem_type: I32,
                                elements: [
                                    Int(
                                        5,
                                    ),
                                    Int(
                                        6,
                                    ),
                                    Int(
                                        7,
                                    ),
                                    Int(
                                        8,
                                    ),
                                ],
                            },
                        },
                        Assign {
                            local: LocalId(
                                0,
                            ),
                            value: Move(
                                LocalId(
                                    1,
                                ),
                            ),
                        },
                        Assign {
                            local: LocalId(
                                2,
                            ),
                            value: ArrayLen {
                                base: LocalId(
                                    0,
                                ),
                            },
                        },
                        Return(
                            Some(
                                Local(
                                    LocalId(
                                        2,
                                    ),
                                ),
                            ),
                        ),
                    ],
                },
            ],
        },
    ],
}
