---
source: crates/glyph-frontend/tests/mir_fixtures.rs
expression: out.mir
---
MirModule {
    struct_types: {},
    functions: [
        MirFunction {
            name: "add",
            ret_type: Some(
                I32,
            ),
            params: [
                LocalId(
                    0,
                ),
                LocalId(
                    1,
                ),
            ],
            locals: [
                Local {
                    name: Some(
                        "a",
                    ),
                    ty: Some(
                        I32,
                    ),
                },
                Local {
                    name: Some(
                        "b",
                    ),
                    ty: Some(
                        I32,
                    ),
                },
                Local {
                    name: None,
                    ty: None,
                },
            ],
            blocks: [
                MirBlock {
                    insts: [
                        Assign {
                            local: LocalId(
                                2,
                            ),
                            value: Binary {
                                op: Add,
                                lhs: Local(
                                    LocalId(
                                        0,
                                    ),
                                ),
                                rhs: Local(
                                    LocalId(
                                        1,
                                    ),
                                ),
                            },
                        },
                        Return(
                            Some(
                                Local(
                                    LocalId(
                                        2,
                                    ),
                                ),
                            ),
                        ),
                    ],
                },
            ],
        },
    ],
}
